[31-May-2026 02:18:57 UTC] SQLSTATE[HY093]: Invalid parameter number
[31-May-2026 21:24:25 UTC] UploadService: subirProducto - post: Array
(
    [empresa_id] => 27
    [producto_id] => 18
)
 - file keys: Array
(
    [0] => name
    [1] => full_path
    [2] => type
    [3] => tmp_name
    [4] => error
    [5] => size
)

[31-May-2026 21:25:11 UTC] UploadService: subirProducto - post: Array
(
    [empresa_id] => 27
    [producto_id] => 18
)
 - file keys: Array
(
    [0] => name
    [1] => full_path
    [2] => type
    [3] => tmp_name
    [4] => error
    [5] => size
)

[31-May-2026 21:25:16 UTC] UploadService: subirProducto - post: Array
(
    [empresa_id] => 27
    [producto_id] => 18
)
 - file keys: Array
(
    [0] => name
    [1] => full_path
    [2] => type
    [3] => tmp_name
    [4] => error
    [5] => size
)

[31-May-2026 21:25:54 UTC] UploadService: subirProducto - post: Array
(
    [empresa_id] => 27
    [producto_id] => 18
)
 - file keys: Array
(
    [0] => name
    [1] => full_path
    [2] => type
    [3] => tmp_name
    [4] => error
    [5] => size
)

[31-May-2026 21:29:07 UTC] UploadService: subirProducto - post: Array
(
    [empresa_id] => 27
    [producto_id] => 18
)
 - file keys: Array
(
    [0] => name
    [1] => full_path
    [2] => type
    [3] => tmp_name
    [4] => error
    [5] => size
)

[31-May-2026 21:36:17 UTC] UploadService: subirProducto - post: Array
(
    [empresa_id] => 27
    [producto_id] => 18
)
 - file keys: Array
(
    [0] => name
    [1] => full_path
    [2] => type
    [3] => tmp_name
    [4] => error
    [5] => size
)

[31-May-2026 21:39:22 UTC] UploadService: subirProducto - post: Array
(
    [empresa_id] => 27
    [producto_id] => 18
)
 - file keys: Array
(
    [0] => name
    [1] => full_path
    [2] => type
    [3] => tmp_name
    [4] => error
    [5] => size
)

[31-May-2026 21:40:08 UTC] UploadService: subirProducto - post: Array
(
    [empresa_id] => 27
    [producto_id] => 18
)
 - file keys: Array
(
    [0] => name
    [1] => full_path
    [2] => type
    [3] => tmp_name
    [4] => error
    [5] => size
)

[31-May-2026 23:22:08 UTC] UploadService: openssl_pkcs12_read failed for company 27. Errors: error:0308010C:digital envelope routines::unsupported
[31-May-2026 23:54:46 UTC] SQLSTATE[42S02]: Base table or view not found: 1146 Table 'mypos.whatsapp_verifications' doesn't exist
[31-May-2026 23:54:46 UTC] SQLSTATE[42S02]: Base table or view not found: 1146 Table 'mypos.whatsapp_verifications' doesn't exist
[31-May-2026 23:54:49 UTC] SQLSTATE[42S02]: Base table or view not found: 1146 Table 'mypos.whatsapp_verifications' doesn't exist
[31-May-2026 23:54:51 UTC] SQLSTATE[42S02]: Base table or view not found: 1146 Table 'mypos.whatsapp_verifications' doesn't exist
[31-May-2026 23:54:53 UTC] SQLSTATE[42S02]: Base table or view not found: 1146 Table 'mypos.whatsapp_verifications' doesn't exist
[31-May-2026 23:54:55 UTC] SQLSTATE[42S02]: Base table or view not found: 1146 Table 'mypos.whatsapp_verifications' doesn't exist
[31-May-2026 23:54:57 UTC] SQLSTATE[42S02]: Base table or view not found: 1146 Table 'mypos.whatsapp_verifications' doesn't exist
[31-May-2026 23:54:59 UTC] SQLSTATE[42S02]: Base table or view not found: 1146 Table 'mypos.whatsapp_verifications' doesn't exist
[31-May-2026 23:55:02 UTC] SQLSTATE[42S02]: Base table or view not found: 1146 Table 'mypos.whatsapp_verifications' doesn't exist
[31-May-2026 23:55:03 UTC] SQLSTATE[42S02]: Base table or view not found: 1146 Table 'mypos.whatsapp_verifications' doesn't exist
[31-May-2026 23:55:05 UTC] SQLSTATE[42S02]: Base table or view not found: 1146 Table 'mypos.whatsapp_verifications' doesn't exist
[31-May-2026 23:55:07 UTC] SQLSTATE[42S02]: Base table or view not found: 1146 Table 'mypos.whatsapp_verifications' doesn't exist
[31-May-2026 23:55:09 UTC] SQLSTATE[42S02]: Base table or view not found: 1146 Table 'mypos.whatsapp_verifications' doesn't exist
[31-May-2026 23:55:11 UTC] SQLSTATE[42S02]: Base table or view not found: 1146 Table 'mypos.whatsapp_verifications' doesn't exist
[31-May-2026 23:55:14 UTC] SQLSTATE[42S02]: Base table or view not found: 1146 Table 'mypos.whatsapp_verifications' doesn't exist
[31-May-2026 23:55:15 UTC] SQLSTATE[42S02]: Base table or view not found: 1146 Table 'mypos.whatsapp_verifications' doesn't exist
[31-May-2026 23:55:17 UTC] SQLSTATE[42S02]: Base table or view not found: 1146 Table 'mypos.whatsapp_verifications' doesn't exist
[31-May-2026 23:55:19 UTC] SQLSTATE[42S02]: Base table or view not found: 1146 Table 'mypos.whatsapp_verifications' doesn't exist
[31-May-2026 23:55:22 UTC] SQLSTATE[42S02]: Base table or view not found: 1146 Table 'mypos.whatsapp_verifications' doesn't exist
[31-May-2026 23:55:23 UTC] SQLSTATE[42S02]: Base table or view not found: 1146 Table 'mypos.whatsapp_verifications' doesn't exist
[31-May-2026 23:55:26 UTC] SQLSTATE[42S02]: Base table or view not found: 1146 Table 'mypos.whatsapp_verifications' doesn't exist
[31-May-2026 23:55:27 UTC] SQLSTATE[42S02]: Base table or view not found: 1146 Table 'mypos.whatsapp_verifications' doesn't exist
[31-May-2026 23:55:29 UTC] SQLSTATE[42S02]: Base table or view not found: 1146 Table 'mypos.whatsapp_verifications' doesn't exist
[31-May-2026 23:55:31 UTC] SQLSTATE[42S02]: Base table or view not found: 1146 Table 'mypos.whatsapp_verifications' doesn't exist
[31-May-2026 23:55:33 UTC] SQLSTATE[42S02]: Base table or view not found: 1146 Table 'mypos.whatsapp_verifications' doesn't exist
[31-May-2026 23:55:35 UTC] SQLSTATE[42S02]: Base table or view not found: 1146 Table 'mypos.whatsapp_verifications' doesn't exist
[31-May-2026 23:55:37 UTC] SQLSTATE[42S02]: Base table or view not found: 1146 Table 'mypos.whatsapp_verifications' doesn't exist
[31-May-2026 23:55:39 UTC] SQLSTATE[42S02]: Base table or view not found: 1146 Table 'mypos.whatsapp_verifications' doesn't exist
[31-May-2026 23:55:42 UTC] SQLSTATE[42S02]: Base table or view not found: 1146 Table 'mypos.whatsapp_verifications' doesn't exist
[31-May-2026 23:55:43 UTC] SQLSTATE[42S02]: Base table or view not found: 1146 Table 'mypos.whatsapp_verifications' doesn't exist
[31-May-2026 23:55:45 UTC] SQLSTATE[42S02]: Base table or view not found: 1146 Table 'mypos.whatsapp_verifications' doesn't exist
[31-May-2026 23:55:47 UTC] SQLSTATE[42S02]: Base table or view not found: 1146 Table 'mypos.whatsapp_verifications' doesn't exist
[31-May-2026 23:55:49 UTC] SQLSTATE[42S02]: Base table or view not found: 1146 Table 'mypos.whatsapp_verifications' doesn't exist
[31-May-2026 23:55:51 UTC] SQLSTATE[42S02]: Base table or view not found: 1146 Table 'mypos.whatsapp_verifications' doesn't exist
[31-May-2026 23:55:54 UTC] SQLSTATE[42S02]: Base table or view not found: 1146 Table 'mypos.whatsapp_verifications' doesn't exist
[31-May-2026 23:56:28 UTC] SQLSTATE[42S02]: Base table or view not found: 1146 Table 'mypos.whatsapp_verifications' doesn't exist
[31-May-2026 23:57:28 UTC] SQLSTATE[42S02]: Base table or view not found: 1146 Table 'mypos.whatsapp_verifications' doesn't exist
[31-May-2026 23:58:28 UTC] SQLSTATE[42S02]: Base table or view not found: 1146 Table 'mypos.whatsapp_verifications' doesn't exist
[31-May-2026 23:59:28 UTC] SQLSTATE[42S02]: Base table or view not found: 1146 Table 'mypos.whatsapp_verifications' doesn't exist
[01-Jun-2026 00:00:28 UTC] SQLSTATE[42S02]: Base table or view not found: 1146 Table 'mypos.whatsapp_verifications' doesn't exist
[01-Jun-2026 00:01:28 UTC] SQLSTATE[42S02]: Base table or view not found: 1146 Table 'mypos.whatsapp_verifications' doesn't exist
[01-Jun-2026 00:02:28 UTC] SQLSTATE[42S02]: Base table or view not found: 1146 Table 'mypos.whatsapp_verifications' doesn't exist
[01-Jun-2026 00:03:28 UTC] SQLSTATE[42S02]: Base table or view not found: 1146 Table 'mypos.whatsapp_verifications' doesn't exist
[01-Jun-2026 00:04:28 UTC] SQLSTATE[42S02]: Base table or view not found: 1146 Table 'mypos.whatsapp_verifications' doesn't exist
[01-Jun-2026 00:05:28 UTC] SQLSTATE[42S02]: Base table or view not found: 1146 Table 'mypos.whatsapp_verifications' doesn't exist
[01-Jun-2026 00:06:28 UTC] SQLSTATE[42S02]: Base table or view not found: 1146 Table 'mypos.whatsapp_verifications' doesn't exist
[01-Jun-2026 00:07:28 UTC] SQLSTATE[42S02]: Base table or view not found: 1146 Table 'mypos.whatsapp_verifications' doesn't exist
[01-Jun-2026 00:08:28 UTC] SQLSTATE[42S02]: Base table or view not found: 1146 Table 'mypos.whatsapp_verifications' doesn't exist
[01-Jun-2026 00:09:28 UTC] SQLSTATE[42S02]: Base table or view not found: 1146 Table 'mypos.whatsapp_verifications' doesn't exist
[01-Jun-2026 00:10:28 UTC] SQLSTATE[42S02]: Base table or view not found: 1146 Table 'mypos.whatsapp_verifications' doesn't exist
[01-Jun-2026 00:11:28 UTC] SQLSTATE[42S02]: Base table or view not found: 1146 Table 'mypos.whatsapp_verifications' doesn't exist
[01-Jun-2026 00:12:28 UTC] SQLSTATE[42S02]: Base table or view not found: 1146 Table 'mypos.whatsapp_verifications' doesn't exist
[01-Jun-2026 00:13:28 UTC] SQLSTATE[42S02]: Base table or view not found: 1146 Table 'mypos.whatsapp_verifications' doesn't exist
[01-Jun-2026 00:14:28 UTC] SQLSTATE[42S02]: Base table or view not found: 1146 Table 'mypos.whatsapp_verifications' doesn't exist
[01-Jun-2026 00:15:28 UTC] SQLSTATE[42S02]: Base table or view not found: 1146 Table 'mypos.whatsapp_verifications' doesn't exist
[01-Jun-2026 00:16:28 UTC] SQLSTATE[42S02]: Base table or view not found: 1146 Table 'mypos.whatsapp_verifications' doesn't exist
[01-Jun-2026 00:17:28 UTC] SQLSTATE[42S02]: Base table or view not found: 1146 Table 'mypos.whatsapp_verifications' doesn't exist
[01-Jun-2026 00:18:28 UTC] SQLSTATE[42S02]: Base table or view not found: 1146 Table 'mypos.whatsapp_verifications' doesn't exist
[01-Jun-2026 00:19:28 UTC] SQLSTATE[42S02]: Base table or view not found: 1146 Table 'mypos.whatsapp_verifications' doesn't exist
[01-Jun-2026 00:20:28 UTC] SQLSTATE[42S02]: Base table or view not found: 1146 Table 'mypos.whatsapp_verifications' doesn't exist
[01-Jun-2026 00:21:28 UTC] SQLSTATE[42S02]: Base table or view not found: 1146 Table 'mypos.whatsapp_verifications' doesn't exist
[01-Jun-2026 00:22:28 UTC] SQLSTATE[42S02]: Base table or view not found: 1146 Table 'mypos.whatsapp_verifications' doesn't exist
[01-Jun-2026 00:23:28 UTC] SQLSTATE[42S02]: Base table or view not found: 1146 Table 'mypos.whatsapp_verifications' doesn't exist
[01-Jun-2026 00:24:28 UTC] SQLSTATE[42S02]: Base table or view not found: 1146 Table 'mypos.whatsapp_verifications' doesn't exist
[01-Jun-2026 00:25:28 UTC] SQLSTATE[42S02]: Base table or view not found: 1146 Table 'mypos.whatsapp_verifications' doesn't exist
[01-Jun-2026 00:26:28 UTC] SQLSTATE[42S02]: Base table or view not found: 1146 Table 'mypos.whatsapp_verifications' doesn't exist
[01-Jun-2026 00:27:28 UTC] SQLSTATE[42S02]: Base table or view not found: 1146 Table 'mypos.whatsapp_verifications' doesn't exist
[01-Jun-2026 00:28:28 UTC] SQLSTATE[42S02]: Base table or view not found: 1146 Table 'mypos.whatsapp_verifications' doesn't exist
[01-Jun-2026 00:29:28 UTC] SQLSTATE[42S02]: Base table or view not found: 1146 Table 'mypos.whatsapp_verifications' doesn't exist
[01-Jun-2026 00:30:28 UTC] SQLSTATE[42S02]: Base table or view not found: 1146 Table 'mypos.whatsapp_verifications' doesn't exist
[01-Jun-2026 00:31:28 UTC] SQLSTATE[42S02]: Base table or view not found: 1146 Table 'mypos.whatsapp_verifications' doesn't exist
[01-Jun-2026 00:32:28 UTC] SQLSTATE[42S02]: Base table or view not found: 1146 Table 'mypos.whatsapp_verifications' doesn't exist
[01-Jun-2026 00:33:28 UTC] SQLSTATE[42S02]: Base table or view not found: 1146 Table 'mypos.whatsapp_verifications' doesn't exist
[01-Jun-2026 00:34:28 UTC] SQLSTATE[42S02]: Base table or view not found: 1146 Table 'mypos.whatsapp_verifications' doesn't exist
[01-Jun-2026 00:35:28 UTC] SQLSTATE[42S02]: Base table or view not found: 1146 Table 'mypos.whatsapp_verifications' doesn't exist
[01-Jun-2026 00:36:28 UTC] SQLSTATE[42S02]: Base table or view not found: 1146 Table 'mypos.whatsapp_verifications' doesn't exist
[01-Jun-2026 00:37:28 UTC] SQLSTATE[42S02]: Base table or view not found: 1146 Table 'mypos.whatsapp_verifications' doesn't exist
[01-Jun-2026 00:38:28 UTC] SQLSTATE[42S02]: Base table or view not found: 1146 Table 'mypos.whatsapp_verifications' doesn't exist
[01-Jun-2026 00:39:28 UTC] SQLSTATE[42S02]: Base table or view not found: 1146 Table 'mypos.whatsapp_verifications' doesn't exist
[01-Jun-2026 00:40:28 UTC] SQLSTATE[42S02]: Base table or view not found: 1146 Table 'mypos.whatsapp_verifications' doesn't exist
[01-Jun-2026 00:41:28 UTC] SQLSTATE[42S02]: Base table or view not found: 1146 Table 'mypos.whatsapp_verifications' doesn't exist
[01-Jun-2026 00:42:28 UTC] SQLSTATE[42S02]: Base table or view not found: 1146 Table 'mypos.whatsapp_verifications' doesn't exist
[01-Jun-2026 00:43:28 UTC] SQLSTATE[42S02]: Base table or view not found: 1146 Table 'mypos.whatsapp_verifications' doesn't exist
[01-Jun-2026 00:44:28 UTC] SQLSTATE[42S02]: Base table or view not found: 1146 Table 'mypos.whatsapp_verifications' doesn't exist
[01-Jun-2026 00:45:28 UTC] SQLSTATE[42S02]: Base table or view not found: 1146 Table 'mypos.whatsapp_verifications' doesn't exist
[01-Jun-2026 00:46:04 UTC] SQLSTATE[42S02]: Base table or view not found: 1146 Table 'mypos.whatsapp_verifications' doesn't exist
[01-Jun-2026 00:46:07 UTC] SQLSTATE[42S02]: Base table or view not found: 1146 Table 'mypos.whatsapp_verifications' doesn't exist
[01-Jun-2026 00:46:08 UTC] SQLSTATE[42S02]: Base table or view not found: 1146 Table 'mypos.whatsapp_verifications' doesn't exist
[01-Jun-2026 00:46:11 UTC] SQLSTATE[42S02]: Base table or view not found: 1146 Table 'mypos.whatsapp_verifications' doesn't exist
[01-Jun-2026 00:46:12 UTC] SQLSTATE[42S02]: Base table or view not found: 1146 Table 'mypos.whatsapp_verifications' doesn't exist
[01-Jun-2026 00:46:15 UTC] SQLSTATE[42S02]: Base table or view not found: 1146 Table 'mypos.whatsapp_verifications' doesn't exist
[01-Jun-2026 00:46:16 UTC] SQLSTATE[42S02]: Base table or view not found: 1146 Table 'mypos.whatsapp_verifications' doesn't exist
[01-Jun-2026 00:46:28 UTC] SQLSTATE[42S02]: Base table or view not found: 1146 Table 'mypos.whatsapp_verifications' doesn't exist
[01-Jun-2026 00:46:55 UTC] SQLSTATE[42S02]: Base table or view not found: 1146 Table 'mypos.whatsapp_verifications' doesn't exist
[01-Jun-2026 00:46:56 UTC] SQLSTATE[42S02]: Base table or view not found: 1146 Table 'mypos.whatsapp_verifications' doesn't exist
[01-Jun-2026 00:46:59 UTC] SQLSTATE[42S02]: Base table or view not found: 1146 Table 'mypos.whatsapp_verifications' doesn't exist
[01-Jun-2026 00:47:00 UTC] SQLSTATE[42S02]: Base table or view not found: 1146 Table 'mypos.whatsapp_verifications' doesn't exist
[01-Jun-2026 00:47:02 UTC] SQLSTATE[42S02]: Base table or view not found: 1146 Table 'mypos.whatsapp_verifications' doesn't exist
[01-Jun-2026 00:47:04 UTC] SQLSTATE[42S02]: Base table or view not found: 1146 Table 'mypos.whatsapp_verifications' doesn't exist
[01-Jun-2026 00:47:06 UTC] SQLSTATE[42S02]: Base table or view not found: 1146 Table 'mypos.whatsapp_verifications' doesn't exist
[01-Jun-2026 00:47:08 UTC] SQLSTATE[42S02]: Base table or view not found: 1146 Table 'mypos.whatsapp_verifications' doesn't exist
[01-Jun-2026 00:47:11 UTC] SQLSTATE[42S02]: Base table or view not found: 1146 Table 'mypos.whatsapp_verifications' doesn't exist
[01-Jun-2026 00:47:12 UTC] SQLSTATE[42S02]: Base table or view not found: 1146 Table 'mypos.whatsapp_verifications' doesn't exist
[01-Jun-2026 00:47:15 UTC] SQLSTATE[42S02]: Base table or view not found: 1146 Table 'mypos.whatsapp_verifications' doesn't exist
[01-Jun-2026 00:47:16 UTC] SQLSTATE[42S02]: Base table or view not found: 1146 Table 'mypos.whatsapp_verifications' doesn't exist
[01-Jun-2026 00:47:19 UTC] SQLSTATE[42S02]: Base table or view not found: 1146 Table 'mypos.whatsapp_verifications' doesn't exist
[01-Jun-2026 00:47:20 UTC] SQLSTATE[42S02]: Base table or view not found: 1146 Table 'mypos.whatsapp_verifications' doesn't exist
[01-Jun-2026 00:47:23 UTC] SQLSTATE[42S02]: Base table or view not found: 1146 Table 'mypos.whatsapp_verifications' doesn't exist
[01-Jun-2026 00:47:24 UTC] SQLSTATE[42S02]: Base table or view not found: 1146 Table 'mypos.whatsapp_verifications' doesn't exist
[01-Jun-2026 00:47:27 UTC] SQLSTATE[42S02]: Base table or view not found: 1146 Table 'mypos.whatsapp_verifications' doesn't exist
[01-Jun-2026 00:47:28 UTC] SQLSTATE[42S02]: Base table or view not found: 1146 Table 'mypos.whatsapp_verifications' doesn't exist
[01-Jun-2026 00:47:31 UTC] SQLSTATE[42S02]: Base table or view not found: 1146 Table 'mypos.whatsapp_verifications' doesn't exist
[01-Jun-2026 00:47:32 UTC] SQLSTATE[42S02]: Base table or view not found: 1146 Table 'mypos.whatsapp_verifications' doesn't exist
[01-Jun-2026 00:47:34 UTC] SQLSTATE[42S02]: Base table or view not found: 1146 Table 'mypos.whatsapp_verifications' doesn't exist
[01-Jun-2026 00:47:36 UTC] SQLSTATE[42S02]: Base table or view not found: 1146 Table 'mypos.whatsapp_verifications' doesn't exist
[01-Jun-2026 00:47:38 UTC] SQLSTATE[42S02]: Base table or view not found: 1146 Table 'mypos.whatsapp_verifications' doesn't exist
[01-Jun-2026 00:47:40 UTC] SQLSTATE[42S02]: Base table or view not found: 1146 Table 'mypos.whatsapp_verifications' doesn't exist
[01-Jun-2026 00:47:42 UTC] SQLSTATE[42S02]: Base table or view not found: 1146 Table 'mypos.whatsapp_verifications' doesn't exist
[01-Jun-2026 00:47:44 UTC] SQLSTATE[42S02]: Base table or view not found: 1146 Table 'mypos.whatsapp_verifications' doesn't exist
[01-Jun-2026 00:47:47 UTC] SQLSTATE[42S02]: Base table or view not found: 1146 Table 'mypos.whatsapp_verifications' doesn't exist
[01-Jun-2026 00:47:48 UTC] SQLSTATE[42S02]: Base table or view not found: 1146 Table 'mypos.whatsapp_verifications' doesn't exist
[01-Jun-2026 00:47:51 UTC] SQLSTATE[42S02]: Base table or view not found: 1146 Table 'mypos.whatsapp_verifications' doesn't exist
[01-Jun-2026 00:47:52 UTC] SQLSTATE[42S02]: Base table or view not found: 1146 Table 'mypos.whatsapp_verifications' doesn't exist
[01-Jun-2026 00:47:55 UTC] SQLSTATE[42S02]: Base table or view not found: 1146 Table 'mypos.whatsapp_verifications' doesn't exist
[01-Jun-2026 00:48:28 UTC] SQLSTATE[42S02]: Base table or view not found: 1146 Table 'mypos.whatsapp_verifications' doesn't exist
[01-Jun-2026 00:49:28 UTC] SQLSTATE[42S02]: Base table or view not found: 1146 Table 'mypos.whatsapp_verifications' doesn't exist
[01-Jun-2026 00:50:30 UTC] SQLSTATE[42S02]: Base table or view not found: 1146 Table 'mypos.whatsapp_verifications' doesn't exist
[01-Jun-2026 00:51:28 UTC] SQLSTATE[42S02]: Base table or view not found: 1146 Table 'mypos.whatsapp_verifications' doesn't exist
[01-Jun-2026 00:52:28 UTC] SQLSTATE[42S02]: Base table or view not found: 1146 Table 'mypos.whatsapp_verifications' doesn't exist
[01-Jun-2026 00:53:28 UTC] SQLSTATE[42S02]: Base table or view not found: 1146 Table 'mypos.whatsapp_verifications' doesn't exist
[01-Jun-2026 00:54:28 UTC] SQLSTATE[42S02]: Base table or view not found: 1146 Table 'mypos.whatsapp_verifications' doesn't exist
[01-Jun-2026 00:55:28 UTC] SQLSTATE[42S02]: Base table or view not found: 1146 Table 'mypos.whatsapp_verifications' doesn't exist
[01-Jun-2026 00:56:28 UTC] SQLSTATE[42S02]: Base table or view not found: 1146 Table 'mypos.whatsapp_verifications' doesn't exist
[01-Jun-2026 00:57:28 UTC] SQLSTATE[42S02]: Base table or view not found: 1146 Table 'mypos.whatsapp_verifications' doesn't exist
[01-Jun-2026 00:58:28 UTC] SQLSTATE[42S02]: Base table or view not found: 1146 Table 'mypos.whatsapp_verifications' doesn't exist
[01-Jun-2026 00:59:28 UTC] SQLSTATE[42S02]: Base table or view not found: 1146 Table 'mypos.whatsapp_verifications' doesn't exist
[01-Jun-2026 01:00:28 UTC] SQLSTATE[42S02]: Base table or view not found: 1146 Table 'mypos.whatsapp_verifications' doesn't exist
[01-Jun-2026 01:01:28 UTC] SQLSTATE[42S02]: Base table or view not found: 1146 Table 'mypos.whatsapp_verifications' doesn't exist
[01-Jun-2026 01:02:28 UTC] SQLSTATE[42S02]: Base table or view not found: 1146 Table 'mypos.whatsapp_verifications' doesn't exist
[01-Jun-2026 01:03:28 UTC] SQLSTATE[42S02]: Base table or view not found: 1146 Table 'mypos.whatsapp_verifications' doesn't exist
[01-Jun-2026 01:04:28 UTC] SQLSTATE[42S02]: Base table or view not found: 1146 Table 'mypos.whatsapp_verifications' doesn't exist
[01-Jun-2026 01:05:28 UTC] SQLSTATE[42S02]: Base table or view not found: 1146 Table 'mypos.whatsapp_verifications' doesn't exist
[01-Jun-2026 01:06:28 UTC] SQLSTATE[42S02]: Base table or view not found: 1146 Table 'mypos.whatsapp_verifications' doesn't exist
[01-Jun-2026 01:07:17 UTC] SQLSTATE[42S02]: Base table or view not found: 1146 Table 'mypos.whatsapp_verifications' doesn't exist
[01-Jun-2026 01:07:17 UTC] SQLSTATE[42S02]: Base table or view not found: 1146 Table 'mypos.whatsapp_verifications' doesn't exist
[01-Jun-2026 01:07:19 UTC] SQLSTATE[42S02]: Base table or view not found: 1146 Table 'mypos.whatsapp_verifications' doesn't exist
[01-Jun-2026 01:07:21 UTC] SQLSTATE[42S02]: Base table or view not found: 1146 Table 'mypos.whatsapp_verifications' doesn't exist
[01-Jun-2026 01:07:22 UTC] SQLSTATE[42S02]: Base table or view not found: 1146 Table 'mypos.whatsapp_verifications' doesn't exist
[01-Jun-2026 01:07:24 UTC] SQLSTATE[42S02]: Base table or view not found: 1146 Table 'mypos.whatsapp_verifications' doesn't exist
